Open connection
Execute scalar command: SELECT count(*) FROM sqlite_master WHERE type = 'table' AND name = 'SchemaVersions' COLLATE NOCASE
Dispose command
Execute non query command: print SubstitutedValue
Dispose command
Execute scalar command: SELECT count(*) FROM sqlite_master WHERE type = 'table' AND name = 'SchemaVersions' COLLATE NOCASE
Dispose command
Execute non query command: CREATE TABLE [SchemaVersions] (
	SchemaVersionID INTEGER CONSTRAINT 'PK_SchemaVersions_SchemaVersionID' PRIMARY KEY AUTOINCREMENT NOT NULL,
	ScriptName TEXT NOT NULL,
    ScriptHash TEXT NULL,
	Applied DATETIME NOT NULL
)
Dispose command
Create parameter
Add parameter to command: scriptName=Script0001.sql
Create parameter
Add parameter to command: applied=<date>
Create parameter
Add parameter to command: scriptHash=MD5alg_GLLn2eWcT0sVunsr7hVqwA==
Execute non query command: insert into [SchemaVersions] (ScriptName, Applied, ScriptHash) values (@scriptName, @applied, @scriptHash)
Dispose command
Dispose connection