Open connection
Execute scalar command: select 1 from INFORMATION_SCHEMA.TABLES where TABLE_NAME = 'SchemaVersions'
Dispose command
Execute non query command: script1contents
Dispose command
Execute scalar command: select 1 from INFORMATION_SCHEMA.TABLES where TABLE_NAME = 'SchemaVersions'
Dispose command
Execute non query command: create table [SchemaVersions] (
	[Id] int identity(1,1) not null constraint [PK_SchemaVersions_Id] primary key,
	[ScriptName] nvarchar(255) not null,
    [ScriptHash] nvarchar(100) null,
	[Applied] datetime not null
)
Dispose command
Create parameter
Add parameter to command: scriptName=Script0001.sql
Create parameter
Add parameter to command: applied=<date>
Create parameter
Add parameter to command: scriptHash=MD5alg_T2zV2ZLoyOtESNkHlDMX8g==
Execute non query command: insert into [SchemaVersions] (ScriptName, Applied, ScriptHash) values (@scriptName, @applied, @scriptHash)
Dispose command
Dispose connection