Open connection
Begin transaction
Execute scalar command: select 1 from INFORMATION_SCHEMA.TABLES where TABLE_NAME = 'SchemaVersions'
Dispose command
Commit transaction
Dispose transaction
Begin transaction
Execute non query command: print 'script1'
Dispose command
Commit transaction
Dispose transaction
Begin transaction
Execute scalar command: select 1 from INFORMATION_SCHEMA.TABLES where TABLE_NAME = 'SchemaVersions'
Dispose command
Commit transaction
Dispose transaction
Begin transaction
Execute non query command: create table [SchemaVersions] (
	[Id] int identity(1,1) not null constraint [PK_SchemaVersions_Id] primary key,
	[ScriptName] nvarchar(255) not null,
    [ScriptHash] nvarchar(100) null,
	[Applied] datetime not null
)
Dispose command
Commit transaction
Dispose transaction
Begin transaction
Create parameter
Add parameter to command: scriptName=Script0001.sql
Create parameter
Add parameter to command: applied=<date>
Create parameter
Add parameter to command: scriptHash=MD5alg_THtNjh+lqwy6kZQz0nIiEQ==
Execute non query command: insert into [SchemaVersions] (ScriptName, Applied, ScriptHash) values (@scriptName, @applied, @scriptHash)
Dispose command
Commit transaction
Dispose transaction
Begin transaction
Execute non query command: print 'script2'
Dispose command
Commit transaction
Dispose transaction
Begin transaction
Execute scalar command: select 1 from INFORMATION_SCHEMA.TABLES where TABLE_NAME = 'SchemaVersions'
Dispose command
Commit transaction
Dispose transaction
Begin transaction
Execute non query command: create table [SchemaVersions] (
	[Id] int identity(1,1) not null constraint [PK_SchemaVersions_Id] primary key,
	[ScriptName] nvarchar(255) not null,
    [ScriptHash] nvarchar(100) null,
	[Applied] datetime not null
)
Dispose command
Commit transaction
Dispose transaction
Begin transaction
Create parameter
Add parameter to command: scriptName=Script0002.sql
Create parameter
Add parameter to command: applied=<date>
Create parameter
Add parameter to command: scriptHash=MD5alg_PuY6SZWLGPwQ34ViVKalQg==
Execute non query command: insert into [SchemaVersions] (ScriptName, Applied, ScriptHash) values (@scriptName, @applied, @scriptHash)
Dispose command
Commit transaction
Dispose transaction
Dispose connection